swift-driver version: 1.127.14.1 Chatterbox/Engine/MobilePush.swift:21:19: warning: 'SecKeychainGetUserInteractionAllowed' was deprecated in macOS 10.10: SecKeychain is deprecated [#DeprecatedDeclaration]
 19 |         var previousInteraction: DarwinBoolean = true
 20 |         if !allowInteraction {
 21 |             guard SecKeychainGetUserInteractionAllowed(&previousInteraction) == errSecSuccess,
    |                   `- warning: 'SecKeychainGetUserInteractionAllowed' was deprecated in macOS 10.10: SecKeychain is deprecated [#DeprecatedDeclaration]
 22 |                   SecKeychainSetUserInteractionAllowed(false) == errSecSuccess else {
 23 |                 throw PushFailure.message("Couldn't safely access Keychain without prompting.")

Chatterbox/Engine/MobilePush.swift:22:19: warning: 'SecKeychainSetUserInteractionAllowed' was deprecated in macOS 10.10: SecKeychain is deprecated [#DeprecatedDeclaration]
 20 |         if !allowInteraction {
 21 |             guard SecKeychainGetUserInteractionAllowed(&previousInteraction) == errSecSuccess,
 22 |                   SecKeychainSetUserInteractionAllowed(false) == errSecSuccess else {
    |                   `- warning: 'SecKeychainSetUserInteractionAllowed' was deprecated in macOS 10.10: SecKeychain is deprecated [#DeprecatedDeclaration]
 23 |                 throw PushFailure.message("Couldn't safely access Keychain without prompting.")
 24 |             }

Chatterbox/Engine/MobilePush.swift:26:40: warning: 'SecKeychainSetUserInteractionAllowed' was deprecated in macOS 10.10: SecKeychain is deprecated [#DeprecatedDeclaration]
 24 |             }
 25 |         }
 26 |         defer { if !allowInteraction { SecKeychainSetUserInteractionAllowed(previousInteraction.boolValue) } }
    |                                        `- warning: 'SecKeychainSetUserInteractionAllowed' was deprecated in macOS 10.10: SecKeychain is deprecated [#DeprecatedDeclaration]
 27 |         var value: CFTypeRef?
 28 |         var query: [CFString: Any] = [kSecClass: kSecClassGenericPassword, kSecAttrService: service,

Chatterbox/Engine/MobilePush.swift:30:57: warning: 'kSecUseAuthenticationUIAllow' was deprecated in macOS 11.0: Instead of kSecUseAuthenticationUI, use kSecUseAuthenticationContext and set LAContext.interactionNotAllowed property [#DeprecatedDeclaration]
 28 |         var query: [CFString: Any] = [kSecClass: kSecClassGenericPassword, kSecAttrService: service,
 29 |             kSecAttrAccount: "provider", kSecReturnData: true, kSecMatchLimit: kSecMatchLimitOne,
 30 |             kSecUseAuthenticationUI: allowInteraction ? kSecUseAuthenticationUIAllow : kSecUseAuthenticationUIFail]
    |                                                         `- warning: 'kSecUseAuthenticationUIAllow' was deprecated in macOS 11.0: Instead of kSecUseAuthenticationUI, use kSecUseAuthenticationContext and set LAContext.interactionNotAllowed property [#DeprecatedDeclaration]
 31 |         var status = SecItemCopyMatching(query as CFDictionary, &value)
 32 |         let migrating = status == errSecItemNotFound

Chatterbox/Engine/MobilePush.swift:30:88: warning: 'kSecUseAuthenticationUIFail' was deprecated in macOS 11.0: Instead of kSecUseAuthenticationUI, use kSecUseAuthenticationContext and set LAContext.interactionNotAllowed property [#DeprecatedDeclaration]
 28 |         var query: [CFString: Any] = [kSecClass: kSecClassGenericPassword, kSecAttrService: service,
 29 |             kSecAttrAccount: "provider", kSecReturnData: true, kSecMatchLimit: kSecMatchLimitOne,
 30 |             kSecUseAuthenticationUI: allowInteraction ? kSecUseAuthenticationUIAllow : kSecUseAuthenticationUIFail]
    |                                                                                        `- warning: 'kSecUseAuthenticationUIFail' was deprecated in macOS 11.0: Instead of kSecUseAuthenticationUI, use kSecUseAuthenticationContext and set LAContext.interactionNotAllowed property [#DeprecatedDeclaration]
 31 |         var status = SecItemCopyMatching(query as CFDictionary, &value)
 32 |         let migrating = status == errSecItemNotFound

Chatterbox/Engine/Secrets.swift:164:68: warning: 'kSecUseAuthenticationUIFail' was deprecated in macOS 11.0: Instead of kSecUseAuthenticationUI, use kSecUseAuthenticationContext and set LAContext.interactionNotAllowed property [#DeprecatedDeclaration]
162 |         let status = SecItemCopyMatching([kSecClass: kSecClassGenericPassword, kSecAttrService: service, kSecAttrAccount: id.uuidString,
163 |                                           kSecReturnData: true, kSecMatchLimit: kSecMatchLimitOne,
164 |                                           kSecUseAuthenticationUI: kSecUseAuthenticationUIFail] as CFDictionary, &value)
    |                                                                    `- warning: 'kSecUseAuthenticationUIFail' was deprecated in macOS 11.0: Instead of kSecUseAuthenticationUI, use kSecUseAuthenticationContext and set LAContext.interactionNotAllowed property [#DeprecatedDeclaration]
165 |         guard status == errSecSuccess, let data = value as? Data else { return nil }
166 |         return String(data: data, encoding: .utf8)

Chatterbox/Views/ContentView.swift:278:68: warning: result of call to 'drop(_:into:)' is unused [#no-usage]
 276 |                 // Dropping onto a chat in the Studio moves the dragged one in too.
 277 |                 row(session, number: numbers[session.id])
 278 |                     .dropDestination(for: String.self) { ids, _ in drop(ids, into: studio) }
     |                                                                    `- warning: result of call to 'drop(_:into:)' is unused [#no-usage]
 279 |             }
 280 |             if chats.isEmpty {

Chatterbox/Views/ContentView.swift:616:76: warning: converting non-Sendable function value to '@Sendable (ViewDimensions) -> CGFloat' may introduce data races
 614 |                 || session.items.contains(where: { ($0.kind == .approval || $0.kind == .questions) && $0.approvalState == .pending }) {
 615 |                 Circle().fill(Color.highlight).frame(width: 7, height: 7)
 616 |                     .alignmentGuide(.firstTextBaseline, computeValue: Self.centerOnTextLine)
     |                                                                            `- warning: converting non-Sendable function value to '@Sendable (ViewDimensions) -> CGFloat' may introduce data races
 617 |                     .help("Needs your attention")
 618 |             }

Chatterbox/Views/ContentView.swift:637:76: warning: converting non-Sendable function value to '@Sendable (ViewDimensions) -> CGFloat' may introduce data races
 635 |                 ActivitySpinner(color: appearance.style.color(for: session.record.backend))
 636 |                     .frame(width: 10, height: 10)
 637 |                     .alignmentGuide(.firstTextBaseline, computeValue: Self.centerOnTextLine)
     |                                                                            `- warning: converting non-Sendable function value to '@Sendable (ViewDimensions) -> CGFloat' may introduce data races
 638 |                     .help("\(session.record.backend.label) is working")
 639 |             } else if session.hasBackgroundWork {

Chatterbox/Views/ContentView.swift:643:76: warning: converting non-Sendable function value to '@Sendable (ViewDimensions) -> CGFloat' may introduce data races
 641 |                 ActivitySpinner(color: .secondary)
 642 |                     .frame(width: 10, height: 10)
 643 |                     .alignmentGuide(.firstTextBaseline, computeValue: Self.centerOnTextLine)
     |                                                                            `- warning: converting non-Sendable function value to '@Sendable (ViewDimensions) -> CGFloat' may introduce data races
 644 |                     .help("Running in the background: \(session.backgroundTasks.map(\.title).joined(separator: ", "))")
 645 |             } else if session.record.projectFolder != nil {

[#DeprecatedDeclaration]: <https://docs.swift.org/compiler/documentation/diagnostics/deprecated-declaration>
wide-settings window (182.0, 336.0, 406.0, 626.0) fitting (406.0, 626.0)
 PopoverHostingView<ModifiedContent<AnyView, PopoverRootModifier>> (0.0, 0.0, 406.0, 626.0)
  PlatformContainer (0.0, 0.0, 406.0, 626.0)
   HostingScrollView (0.0, 0.0, 406.0, 626.0)
    NSClipView (0.0, 0.0, 406.0, 626.0)
    NSScroller (0.0, 0.0, 0.0, 100.0)
  _NSGraphicsView (13.0, 13.0, 125.0, 24.0)
   AppKitPlatformViewHost<PlatformViewRepresentableAdaptor<SystemSegmentedControl>> (14.0, 14.0, 125.0, 24.0)
    SwiftUISegmentedControl (0.0, 0.0, 125.0, 24.0)
  _NSGraphicsView (13.0, 13.0, 352.0, 349.0)
   PlatformContainer (14.0, 50.0, 352.0, 349.0)
    HostingScrollView (0.0, 0.0, 352.0, 349.0)
  _NSGraphicsView (27.0, 437.0, 352.0, 10.0)
   AppKitPlatformViewHost<PlatformViewRepresentableAdaptor<SystemSlider>> (0.0, 21.0, 352.0, 10.0)
    CustomMarkedSlider (0.0, 0.0, 352.0, 10.0)
  _NSGraphicsView (27.0, 497.0, 54.0, 24.0)
   AppKitPlatformViewHost<PlatformViewRepresentableAdaptor<Switch>> (71.5, 0.0, 54.0, 24.0)
    PlatformSwitch (0.0, 0.0, 54.0, 24.0)
  _NSGraphicsView (13.0, 13.0, 83.5, 15.0)
   SwiftUIAppKitButton (14.0, 571.0, 83.5, 15.0)
    ContentViewHost (0.0, 0.0, 83.5, 15.0)
  _NSGraphicsView (13.0, 13.0, 73.5, 15.0)
   SwiftUIAppKitButton (292.5, 571.0, 73.5, 15.0)
    ContentViewHost (0.0, 0.0, 73.5, 15.0)
wide-model window (182.0, 336.0, 406.0, 626.0) fitting (406.0, 626.0)
 PopoverHostingView<ModifiedContent<AnyView, PopoverRootModifier>> (0.0, 0.0, 406.0, 626.0)
  _NSGraphicsView (13.0, 13.0, 406.0, 626.0)
   PlatformContainer (-13.0, -13.0, 406.0, 626.0)
    HostingScrollView (0.0, 0.0, 406.0, 626.0)
  AppKitPlatformViewHost<PlatformViewRepresentableAdaptor<SystemSegmentedControl>> (27.0, 27.0, 125.0, 24.0)
   SwiftUISegmentedControl (0.0, 0.0, 125.0, 24.0)
    _NSCoreHostingView<AppKitSegmentedControl> (0.0, 0.0, 125.0, 24.0)
  PlatformContainer (27.0, 63.0, 352.0, 349.0)
   HostingScrollView (0.0, 0.0, 352.0, 349.0)
    NSClipView (0.0, 0.0, 352.0, 349.0)
    NSScroller (335.0, 0.0, 17.0, 349.0)
  AppKitPlatformViewHost<PlatformViewRepresentableAdaptor<SystemSlider>> (27.0, 458.0, 352.0, 10.0)
   CustomMarkedSlider (0.0, 0.0, 352.0, 10.0)
    _NSCoreHostingView<SliderWrapper> (0.0, 0.0, 352.0, 10.0)
  AppKitPlatformViewHost<PlatformViewRepresentableAdaptor<Switch>> (98.5, 497.0, 54.0, 24.0)
   PlatformSwitch (0.0, 0.0, 54.0, 24.0)
    _NSCoreHostingView<AppKitSwitch> (0.0, 0.0, 54.0, 24.0)
  SwiftUIAppKitButton (27.0, 584.0, 83.5, 15.0)
   ContentViewHost (0.0, 0.0, 83.5, 15.0)
  SwiftUIAppKitButton (305.5, 584.0, 73.5, 15.0)
   ContentViewHost (0.0, 0.0, 73.5, 15.0)
wide-return window (182.0, 336.0, 406.0, 626.0) fitting (406.0, 626.0)
 PopoverHostingView<ModifiedContent<AnyView, PopoverRootModifier>> (0.0, 0.0, 406.0, 626.0)
  PlatformContainer (0.0, 0.0, 406.0, 626.0)
   HostingScrollView (0.0, 0.0, 406.0, 626.0)
    NSClipView (0.0, 0.0, 406.0, 626.0)
    NSScroller (-100.0, -100.0, 0.0, 100.0)
  _NSGraphicsView (13.0, 13.0, 125.0, 24.0)
   AppKitPlatformViewHost<PlatformViewRepresentableAdaptor<SystemSegmentedControl>> (14.0, 14.0, 125.0, 24.0)
    SwiftUISegmentedControl (0.0, 0.0, 125.0, 24.0)
  _NSGraphicsView (13.0, 13.0, 352.0, 349.0)
   PlatformContainer (14.0, 50.0, 352.0, 349.0)
    HostingScrollView (0.0, 0.0, 352.0, 349.0)
  _NSGraphicsView (27.0, 437.0, 352.0, 10.0)
   AppKitPlatformViewHost<PlatformViewRepresentableAdaptor<SystemSlider>> (0.0, 21.0, 352.0, 10.0)
    CustomMarkedSlider (0.0, 0.0, 352.0, 10.0)
  _NSGraphicsView (27.0, 497.0, 54.0, 24.0)
   AppKitPlatformViewHost<PlatformViewRepresentableAdaptor<Switch>> (71.5, 0.0, 54.0, 24.0)
    PlatformSwitch (0.0, 0.0, 54.0, 24.0)
  _NSGraphicsView (13.0, 13.0, 83.5, 15.0)
   SwiftUIAppKitButton (14.0, 571.0, 83.5, 15.0)
    ContentViewHost (0.0, 0.0, 83.5, 15.0)
  _NSGraphicsView (13.0, 13.0, 73.5, 15.0)
   SwiftUIAppKitButton (292.5, 571.0, 73.5, 15.0)
    ContentViewHost (0.0, 0.0, 73.5, 15.0)
narrow-settings window (522.0, 336.0, 406.0, 626.0) fitting (406.0, 626.0)
 PopoverHostingView<ModifiedContent<AnyView, PopoverRootModifier>> (0.0, 0.0, 406.0, 626.0)
  PlatformContainer (0.0, 0.0, 406.0, 626.0)
   HostingScrollView (0.0, 0.0, 406.0, 626.0)
    NSClipView (0.0, 0.0, 406.0, 626.0)
    NSScroller (0.0, 0.0, 0.0, 100.0)
  _NSGraphicsView (13.0, 13.0, 125.0, 24.0)
   AppKitPlatformViewHost<PlatformViewRepresentableAdaptor<SystemSegmentedControl>> (14.0, 14.0, 125.0, 24.0)
    SwiftUISegmentedControl (0.0, 0.0, 125.0, 24.0)
  _NSGraphicsView (13.0, 13.0, 352.0, 349.0)
   PlatformContainer (14.0, 50.0, 352.0, 349.0)
    HostingScrollView (0.0, 0.0, 352.0, 349.0)
  _NSGraphicsView (27.0, 437.0, 352.0, 10.0)
   AppKitPlatformViewHost<PlatformViewRepresentableAdaptor<SystemSlider>> (0.0, 21.0, 352.0, 10.0)
    CustomMarkedSlider (0.0, 0.0, 352.0, 10.0)
  _NSGraphicsView (27.0, 497.0, 54.0, 24.0)
   AppKitPlatformViewHost<PlatformViewRepresentableAdaptor<Switch>> (71.5, 0.0, 54.0, 24.0)
    PlatformSwitch (0.0, 0.0, 54.0, 24.0)
  _NSGraphicsView (13.0, 13.0, 83.5, 15.0)
   SwiftUIAppKitButton (14.0, 571.0, 83.5, 15.0)
    ContentViewHost (0.0, 0.0, 83.5, 15.0)
  _NSGraphicsView (13.0, 13.0, 73.5, 15.0)
   SwiftUIAppKitButton (292.5, 571.0, 73.5, 15.0)
    ContentViewHost (0.0, 0.0, 73.5, 15.0)
narrow-model window (522.0, 336.0, 406.0, 626.0) fitting (406.0, 626.0)
 PopoverHostingView<ModifiedContent<AnyView, PopoverRootModifier>> (0.0, 0.0, 406.0, 626.0)
  _NSGraphicsView (13.0, 13.0, 406.0, 626.0)
   PlatformContainer (-13.0, -13.0, 406.0, 626.0)
    HostingScrollView (0.0, 0.0, 406.0, 626.0)
  AppKitPlatformViewHost<PlatformViewRepresentableAdaptor<SystemSegmentedControl>> (27.0, 27.0, 125.0, 24.0)
   SwiftUISegmentedControl (0.0, 0.0, 125.0, 24.0)
    _NSCoreHostingView<AppKitSegmentedControl> (0.0, 0.0, 125.0, 24.0)
  PlatformContainer (27.0, 63.0, 352.0, 349.0)
   HostingScrollView (0.0, 0.0, 352.0, 349.0)
    NSClipView (0.0, 0.0, 352.0, 349.0)
    NSScroller (335.0, 0.0, 17.0, 349.0)
  AppKitPlatformViewHost<PlatformViewRepresentableAdaptor<SystemSlider>> (27.0, 458.0, 352.0, 10.0)
   CustomMarkedSlider (0.0, 0.0, 352.0, 10.0)
    _NSCoreHostingView<SliderWrapper> (0.0, 0.0, 352.0, 10.0)
  AppKitPlatformViewHost<PlatformViewRepresentableAdaptor<Switch>> (98.5, 497.0, 54.0, 24.0)
   PlatformSwitch (0.0, 0.0, 54.0, 24.0)
    _NSCoreHostingView<AppKitSwitch> (0.0, 0.0, 54.0, 24.0)
  SwiftUIAppKitButton (27.0, 584.0, 83.5, 15.0)
   ContentViewHost (0.0, 0.0, 83.5, 15.0)
  SwiftUIAppKitButton (305.5, 584.0, 73.5, 15.0)
   ContentViewHost (0.0, 0.0, 73.5, 15.0)
narrow-return window (522.0, 336.0, 406.0, 626.0) fitting (406.0, 626.0)
 PopoverHostingView<ModifiedContent<AnyView, PopoverRootModifier>> (0.0, 0.0, 406.0, 626.0)
  PlatformContainer (0.0, 0.0, 406.0, 626.0)
   HostingScrollView (0.0, 0.0, 406.0, 626.0)
    NSClipView (0.0, 0.0, 406.0, 626.0)
    NSScroller (-100.0, -100.0, 0.0, 100.0)
  _NSGraphicsView (13.0, 13.0, 125.0, 24.0)
   AppKitPlatformViewHost<PlatformViewRepresentableAdaptor<SystemSegmentedControl>> (14.0, 14.0, 125.0, 24.0)
    SwiftUISegmentedControl (0.0, 0.0, 125.0, 24.0)
  _NSGraphicsView (13.0, 13.0, 352.0, 349.0)
   PlatformContainer (14.0, 50.0, 352.0, 349.0)
    HostingScrollView (0.0, 0.0, 352.0, 349.0)
  _NSGraphicsView (27.0, 437.0, 352.0, 10.0)
   AppKitPlatformViewHost<PlatformViewRepresentableAdaptor<SystemSlider>> (0.0, 21.0, 352.0, 10.0)
    CustomMarkedSlider (0.0, 0.0, 352.0, 10.0)
  _NSGraphicsView (27.0, 497.0, 54.0, 24.0)
   AppKitPlatformViewHost<PlatformViewRepresentableAdaptor<Switch>> (71.5, 0.0, 54.0, 24.0)
    PlatformSwitch (0.0, 0.0, 54.0, 24.0)
  _NSGraphicsView (13.0, 13.0, 83.5, 15.0)
   SwiftUIAppKitButton (14.0, 571.0, 83.5, 15.0)
    ContentViewHost (0.0, 0.0, 83.5, 15.0)
  _NSGraphicsView (13.0, 13.0, 73.5, 15.0)
   SwiftUIAppKitButton (292.5, 571.0, 73.5, 15.0)
    ContentViewHost (0.0, 0.0, 73.5, 15.0)
right-edge-settings window (1394.0, 421.0, 406.0, 626.0) fitting (406.0, 626.0)
 PopoverHostingView<ModifiedContent<AnyView, PopoverRootModifier>> (0.0, 0.0, 406.0, 626.0)
  PlatformContainer (0.0, 0.0, 406.0, 626.0)
   HostingScrollView (0.0, 0.0, 406.0, 626.0)
    NSClipView (0.0, 0.0, 406.0, 626.0)
    NSScroller (0.0, 0.0, 0.0, 100.0)
  _NSGraphicsView (13.0, 13.0, 125.0, 24.0)
   AppKitPlatformViewHost<PlatformViewRepresentableAdaptor<SystemSegmentedControl>> (14.0, 14.0, 125.0, 24.0)
    SwiftUISegmentedControl (0.0, 0.0, 125.0, 24.0)
  _NSGraphicsView (13.0, 13.0, 352.0, 349.0)
   PlatformContainer (14.0, 50.0, 352.0, 349.0)
    HostingScrollView (0.0, 0.0, 352.0, 349.0)
  _NSGraphicsView (27.0, 437.0, 352.0, 10.0)
   AppKitPlatformViewHost<PlatformViewRepresentableAdaptor<SystemSlider>> (0.0, 21.0, 352.0, 10.0)
    CustomMarkedSlider (0.0, 0.0, 352.0, 10.0)
  _NSGraphicsView (27.0, 497.0, 54.0, 24.0)
   AppKitPlatformViewHost<PlatformViewRepresentableAdaptor<Switch>> (71.5, 0.0, 54.0, 24.0)
    PlatformSwitch (0.0, 0.0, 54.0, 24.0)
  _NSGraphicsView (13.0, 13.0, 83.5, 15.0)
   SwiftUIAppKitButton (14.0, 571.0, 83.5, 15.0)
    ContentViewHost (0.0, 0.0, 83.5, 15.0)
  _NSGraphicsView (13.0, 13.0, 73.5, 15.0)
   SwiftUIAppKitButton (292.5, 571.0, 73.5, 15.0)
    ContentViewHost (0.0, 0.0, 73.5, 15.0)
right-edge-model window (1394.0, 421.0, 406.0, 626.0) fitting (406.0, 626.0)
 PopoverHostingView<ModifiedContent<AnyView, PopoverRootModifier>> (0.0, 0.0, 406.0, 626.0)
  _NSGraphicsView (13.0, 13.0, 406.0, 626.0)
   PlatformContainer (-13.0, -13.0, 406.0, 626.0)
    HostingScrollView (0.0, 0.0, 406.0, 626.0)
  AppKitPlatformViewHost<PlatformViewRepresentableAdaptor<SystemSegmentedControl>> (27.0, 27.0, 125.0, 24.0)
   SwiftUISegmentedControl (0.0, 0.0, 125.0, 24.0)
    _NSCoreHostingView<AppKitSegmentedControl> (0.0, 0.0, 125.0, 24.0)
  PlatformContainer (27.0, 63.0, 352.0, 349.0)
   HostingScrollView (0.0, 0.0, 352.0, 349.0)
    NSClipView (0.0, 0.0, 352.0, 349.0)
    NSScroller (335.0, 0.0, 17.0, 349.0)
  AppKitPlatformViewHost<PlatformViewRepresentableAdaptor<SystemSlider>> (27.0, 458.0, 352.0, 10.0)
   CustomMarkedSlider (0.0, 0.0, 352.0, 10.0)
    _NSCoreHostingView<SliderWrapper> (0.0, 0.0, 352.0, 10.0)
  AppKitPlatformViewHost<PlatformViewRepresentableAdaptor<Switch>> (98.5, 497.0, 54.0, 24.0)
   PlatformSwitch (0.0, 0.0, 54.0, 24.0)
    _NSCoreHostingView<AppKitSwitch> (0.0, 0.0, 54.0, 24.0)
  SwiftUIAppKitButton (27.0, 584.0, 83.5, 15.0)
   ContentViewHost (0.0, 0.0, 83.5, 15.0)
  SwiftUIAppKitButton (305.5, 584.0, 73.5, 15.0)
   ContentViewHost (0.0, 0.0, 73.5, 15.0)
right-edge-return window (1394.0, 421.0, 406.0, 626.0) fitting (406.0, 626.0)
 PopoverHostingView<ModifiedContent<AnyView, PopoverRootModifier>> (0.0, 0.0, 406.0, 626.0)
  PlatformContainer (0.0, 0.0, 406.0, 626.0)
   HostingScrollView (0.0, 0.0, 406.0, 626.0)
    NSClipView (0.0, 0.0, 406.0, 626.0)
    NSScroller (-100.0, -100.0, 0.0, 100.0)
  _NSGraphicsView (13.0, 13.0, 125.0, 24.0)
   AppKitPlatformViewHost<PlatformViewRepresentableAdaptor<SystemSegmentedControl>> (14.0, 14.0, 125.0, 24.0)
    SwiftUISegmentedControl (0.0, 0.0, 125.0, 24.0)
  _NSGraphicsView (13.0, 13.0, 352.0, 349.0)
   PlatformContainer (14.0, 50.0, 352.0, 349.0)
    HostingScrollView (0.0, 0.0, 352.0, 349.0)
  _NSGraphicsView (27.0, 437.0, 352.0, 10.0)
   AppKitPlatformViewHost<PlatformViewRepresentableAdaptor<SystemSlider>> (0.0, 21.0, 352.0, 10.0)
    CustomMarkedSlider (0.0, 0.0, 352.0, 10.0)
  _NSGraphicsView (27.0, 497.0, 54.0, 24.0)
   AppKitPlatformViewHost<PlatformViewRepresentableAdaptor<Switch>> (71.5, 0.0, 54.0, 24.0)
    PlatformSwitch (0.0, 0.0, 54.0, 24.0)
  _NSGraphicsView (13.0, 13.0, 83.5, 15.0)
   SwiftUIAppKitButton (14.0, 571.0, 83.5, 15.0)
    ContentViewHost (0.0, 0.0, 83.5, 15.0)
  _NSGraphicsView (13.0, 13.0, 73.5, 15.0)
   SwiftUIAppKitButton (292.5, 571.0, 73.5, 15.0)
    ContentViewHost (0.0, 0.0, 73.5, 15.0)
bottom-edge-settings window (282.0, 107.0, 406.0, 626.0) fitting (406.0, 626.0)
 PopoverHostingView<ModifiedContent<AnyView, PopoverRootModifier>> (0.0, 0.0, 406.0, 626.0)
  PlatformContainer (0.0, 0.0, 406.0, 626.0)
   HostingScrollView (0.0, 0.0, 406.0, 626.0)
    NSClipView (0.0, 0.0, 406.0, 626.0)
    NSScroller (0.0, 0.0, 0.0, 100.0)
  _NSGraphicsView (13.0, 13.0, 125.0, 24.0)
   AppKitPlatformViewHost<PlatformViewRepresentableAdaptor<SystemSegmentedControl>> (14.0, 14.0, 125.0, 24.0)
    SwiftUISegmentedControl (0.0, 0.0, 125.0, 24.0)
  _NSGraphicsView (13.0, 13.0, 352.0, 349.0)
   PlatformContainer (14.0, 50.0, 352.0, 349.0)
    HostingScrollView (0.0, 0.0, 352.0, 349.0)
  _NSGraphicsView (27.0, 437.0, 352.0, 10.0)
   AppKitPlatformViewHost<PlatformViewRepresentableAdaptor<SystemSlider>> (0.0, 21.0, 352.0, 10.0)
    CustomMarkedSlider (0.0, 0.0, 352.0, 10.0)
  _NSGraphicsView (27.0, 497.0, 54.0, 24.0)
   AppKitPlatformViewHost<PlatformViewRepresentableAdaptor<Switch>> (71.5, 0.0, 54.0, 24.0)
    PlatformSwitch (0.0, 0.0, 54.0, 24.0)
  _NSGraphicsView (13.0, 13.0, 83.5, 15.0)
   SwiftUIAppKitButton (14.0, 571.0, 83.5, 15.0)
    ContentViewHost (0.0, 0.0, 83.5, 15.0)
  _NSGraphicsView (13.0, 13.0, 73.5, 15.0)
   SwiftUIAppKitButton (292.5, 571.0, 73.5, 15.0)
    ContentViewHost (0.0, 0.0, 73.5, 15.0)
bottom-edge-model window (282.0, 107.0, 406.0, 626.0) fitting (406.0, 626.0)
 PopoverHostingView<ModifiedContent<AnyView, PopoverRootModifier>> (0.0, 0.0, 406.0, 626.0)
  _NSGraphicsView (13.0, 13.0, 406.0, 626.0)
   PlatformContainer (-13.0, -13.0, 406.0, 626.0)
    HostingScrollView (0.0, 0.0, 406.0, 626.0)
  AppKitPlatformViewHost<PlatformViewRepresentableAdaptor<SystemSegmentedControl>> (27.0, 27.0, 125.0, 24.0)
   SwiftUISegmentedControl (0.0, 0.0, 125.0, 24.0)
    _NSCoreHostingView<AppKitSegmentedControl> (0.0, 0.0, 125.0, 24.0)
  PlatformContainer (27.0, 63.0, 352.0, 349.0)
   HostingScrollView (0.0, 0.0, 352.0, 349.0)
    NSClipView (0.0, 0.0, 352.0, 349.0)
    NSScroller (335.0, 0.0, 17.0, 349.0)
  AppKitPlatformViewHost<PlatformViewRepresentableAdaptor<SystemSlider>> (27.0, 458.0, 352.0, 10.0)
   CustomMarkedSlider (0.0, 0.0, 352.0, 10.0)
    _NSCoreHostingView<SliderWrapper> (0.0, 0.0, 352.0, 10.0)
  AppKitPlatformViewHost<PlatformViewRepresentableAdaptor<Switch>> (98.5, 497.0, 54.0, 24.0)
   PlatformSwitch (0.0, 0.0, 54.0, 24.0)
    _NSCoreHostingView<AppKitSwitch> (0.0, 0.0, 54.0, 24.0)
  SwiftUIAppKitButton (27.0, 584.0, 83.5, 15.0)
   ContentViewHost (0.0, 0.0, 83.5, 15.0)
  SwiftUIAppKitButton (305.5, 584.0, 73.5, 15.0)
   ContentViewHost (0.0, 0.0, 73.5, 15.0)
bottom-edge-return window (282.0, 107.0, 406.0, 626.0) fitting (406.0, 626.0)
 PopoverHostingView<ModifiedContent<AnyView, PopoverRootModifier>> (0.0, 0.0, 406.0, 626.0)
  PlatformContainer (0.0, 0.0, 406.0, 626.0)
   HostingScrollView (0.0, 0.0, 406.0, 626.0)
    NSClipView (0.0, 0.0, 406.0, 626.0)
    NSScroller (-100.0, -100.0, 0.0, 100.0)
  _NSGraphicsView (13.0, 13.0, 125.0, 24.0)
   AppKitPlatformViewHost<PlatformViewRepresentableAdaptor<SystemSegmentedControl>> (14.0, 14.0, 125.0, 24.0)
    SwiftUISegmentedControl (0.0, 0.0, 125.0, 24.0)
  _NSGraphicsView (13.0, 13.0, 352.0, 349.0)
   PlatformContainer (14.0, 50.0, 352.0, 349.0)
    HostingScrollView (0.0, 0.0, 352.0, 349.0)
  _NSGraphicsView (27.0, 437.0, 352.0, 10.0)
   AppKitPlatformViewHost<PlatformViewRepresentableAdaptor<SystemSlider>> (0.0, 21.0, 352.0, 10.0)
    CustomMarkedSlider (0.0, 0.0, 352.0, 10.0)
  _NSGraphicsView (27.0, 497.0, 54.0, 24.0)
   AppKitPlatformViewHost<PlatformViewRepresentableAdaptor<Switch>> (71.5, 0.0, 54.0, 24.0)
    PlatformSwitch (0.0, 0.0, 54.0, 24.0)
  _NSGraphicsView (13.0, 13.0, 83.5, 15.0)
   SwiftUIAppKitButton (14.0, 571.0, 83.5, 15.0)
    ContentViewHost (0.0, 0.0, 83.5, 15.0)
  _NSGraphicsView (13.0, 13.0, 73.5, 15.0)
   SwiftUIAppKitButton (292.5, 571.0, 73.5, 15.0)
    ContentViewHost (0.0, 0.0, 73.5, 15.0)
direct-model window (540.0, 350.0, 406.0, 626.0) fitting (406.0, 626.0)
 PopoverHostingView<ModifiedContent<AnyView, PopoverRootModifier>> (0.0, 0.0, 406.0, 626.0)
  AppKitPlatformViewHost<PlatformViewRepresentableAdaptor<SystemSegmentedControl>> (27.0, 27.0, 125.0, 24.0)
   SwiftUISegmentedControl (0.0, 0.0, 125.0, 24.0)
    _NSCoreHostingView<AppKitSegmentedControl> (0.0, 0.0, 125.0, 24.0)
  PlatformContainer (27.0, 63.0, 352.0, 349.0)
   HostingScrollView (0.0, 0.0, 352.0, 349.0)
    NSClipView (0.0, 0.0, 352.0, 349.0)
    NSScroller (335.0, 0.0, 17.0, 349.0)
  AppKitPlatformViewHost<PlatformViewRepresentableAdaptor<SystemSlider>> (27.0, 458.0, 352.0, 10.0)
   CustomMarkedSlider (0.0, 0.0, 352.0, 10.0)
    _NSCoreHostingView<SliderWrapper> (0.0, 0.0, 352.0, 10.0)
  AppKitPlatformViewHost<PlatformViewRepresentableAdaptor<Switch>> (98.5, 497.0, 54.0, 24.0)
   PlatformSwitch (0.0, 0.0, 54.0, 24.0)
    _NSCoreHostingView<AppKitSwitch> (0.0, 0.0, 54.0, 24.0)
  SwiftUIAppKitButton (27.0, 584.0, 83.5, 15.0)
   ContentViewHost (0.0, 0.0, 83.5, 15.0)
  SwiftUIAppKitButton (305.5, 584.0, 73.5, 15.0)
   ContentViewHost (0.0, 0.0, 73.5, 15.0)
PASS settings preserved through actual cog page transitions and direct entry
Model popover test artifacts: /tmp/chatterbox-popover.uhv0H5
